<html>
<body>
<pre>
<h1>µVision Build Log</h1>
<h2>Project:</h2>
N:\SE350Memory\SE350\manual_code\Context_Switching_UART\context_switching.uvproj
Project File Date:  02/02/2016

<h2>Output:</h2>
Build target 'Context Switching SIM'
compiling k_process.c...
src\k_process.c(52): warning:  #223-D: function "k_release_processor" declared implicitly
linking...
Program Size: Code=4744 RO-data=412 RW-data=72 ZI-data=800  
"context_switching.axf" - 0 Error(s), 1 Warning(s).
Build target 'Context Switching SIM'
compiling k_memory.c...
src\k_memory.c(113): warning:  #177-D: variable "j" was declared but never referenced
src\k_memory.c(194): warning:  #9-D: nested comment is not allowed
src\k_memory.c(204): warning:  #223-D: function "k_release_processor" declared implicitly
src\k_memory.c(236): warning:  #223-D: function "rpq_enqueue" declared implicitly
src\k_memory.c(243): warning:  #1-D: last line of file ends without a newline
compiling k_process.c...
src\k_process.c(52): warning:  #223-D: function "k_release_processor" declared implicitly
linking...
Program Size: Code=4764 RO-data=412 RW-data=72 ZI-data=800  
"context_switching.axf" - 0 Error(s), 6 Warning(s).
Build target 'Context Switching SIM'
compiling k_memory.c...
src\k_memory.c(193): warning:  #9-D: nested comment is not allowed
src\k_memory.c(203): warning:  #223-D: function "k_release_processor" declared implicitly
src\k_memory.c(235): warning:  #223-D: function "rpq_enqueue" declared implicitly
src\k_memory.c(242): warning:  #1-D: last line of file ends without a newline
linking...
Program Size: Code=4764 RO-data=412 RW-data=72 ZI-data=800  
"context_switching.axf" - 0 Error(s), 4 Warning(s).
Build target 'Context Switching SIM'
compiling k_process.c...
src\k_process.c(52): warning:  #223-D: function "k_release_processor" declared implicitly
linking...
Program Size: Code=4764 RO-data=412 RW-data=72 ZI-data=800  
"context_switching.axf" - 0 Error(s), 1 Warning(s).
